a:4:{s:4:"name";s:95:"/home/nyedotbi/domains/nyedot.biz/public_html/download/0x14/One_Piece_430_ocean-leecher.com.mkv";s:4:"size";s:8:"36.75 MB";s:4:"date";i:1280075939;s:3:"age";s:28:"345 hour(s) 27 minute(s) ago";}
a:7:{s:4:"name";s:98:"/home/nyedotbi/domains/nyedot.biz/public_html/download/0x14/Yovie_And_Nuno_-_Manusia_Biasa.mp3.zip";s:4:"size";s:12:"4.18&nbsp;MB";s:4:"date";i:1281174624;s:3:"age";s:27:"40 hour(s) 16 minute(s) ago";s:4:"link";s:73:"http://www.4shared.com/audio/6ChhgtXS/Yovie_And_Nuno_-_Manusia_Biasa.html";s:7:"comment";s:0:"";s:2:"ip";s:12:"114.79.55.96";}
a:7:{s:4:"name";s:85:"/home/nyedotbi/domains/nyedot.biz/public_html/download/0x14/Soul ID - Telepon Aku.mp3";s:4:"size";s:12:"3.13&nbsp;MB";s:4:"date";i:1281198349;s:3:"age";s:27:"33 hour(s) 40 minute(s) ago";s:4:"link";s:77:"http://www.4shared.com/file/244690257/b1c8969b/Soul_ID_-_Telepon_Aku.html?s=1";s:7:"comment";s:0:"";s:2:"ip";s:12:"114.79.55.96";}
a:7:{s:4:"name";s:85:"/home/nyedotbi/domains/nyedot.biz/public_html/download/0x14/Lyla - Detik-Terakhir.mp3";s:4:"size";s:12:"6.68&nbsp;MB";s:4:"date";i:1281320891;s:3:"age";s:18:"less than a minute";s:4:"link";s:63:"http://www.4shared.com/audio/DgqW1F05/Lyla_-_Detik-Terakhir.htm";s:7:"comment";s:0:"";s:2:"ip";s:15:"202.137.230.240";}
a:7:{s:4:"name";s:83:"/home/nyedotbi/domains/nyedot.biz/public_html/download/0x14/Afgan - Dia Dia Dia.mp3";s:4:"size";s:12:"2.98&nbsp;MB";s:4:"date";i:1281335258;s:3:"age";s:18:"less than a minute";s:4:"link";s:62:"http://www.4shared.com/audio/W6-vY-_O/Afgan_-_Dia_Dia_Dia.html";s:7:"comment";s:0:"";s:2:"ip";s:15:"202.137.230.240";}
a:7:{s:4:"name";s:85:"/home/nyedotbi/domains/nyedot.biz/public_html/download/0x14/Astrid - Tentang Rasa.mp3";s:4:"size";s:12:"3.92&nbsp;MB";s:4:"date";i:1281335448;s:3:"age";s:18:"less than a minute";s:4:"link";s:64:"http://www.4shared.com/audio/awhcPvNw/Astrid_-_Tentang_Rasa.html";s:7:"comment";s:0:"";s:2:"ip";s:15:"202.137.230.240";}
a:7:{s:4:"name";s:107:"/home/nyedotbi/domains/nyedot.biz/public_html/download/0x14/Tompi_-_Playful_-_09_-_I_Am_Falling_In_Love.mp3";s:4:"size";s:13:"10.27&nbsp;MB";s:4:"date";i:1281348898;s:3:"age";s:18:"less than a minute";s:4:"link";s:85:"http://rapidshare.com/files/191058905/Tompi_-_Playful_-_09_-_I_Am_Falling_In_Love.mp3";s:7:"comment";s:0:"";s:2:"ip";s:15:"202.137.230.240";}
a:7:{s:4:"name";s:83:"/home/nyedotbi/domains/nyedot.biz/public_html/download/0x14/Bob Acri - Timeless.RAR";s:4:"size";s:14:"125.54&nbsp;MB";s:4:"date";i:1281405333;s:3:"age";s:18:"less than a minute";s:4:"link";s:60:"http://www.4shared.com/file/tLugwIQH/Bob_Acri_-_Timeless.htm";s:7:"comment";s:0:"";s:2:"ip";s:15:"202.137.230.240";}
